C:\Users\Andres\Documents\MCUXpressoIDE_25.6.136\workspace\CMSISv2p00_LPC17xx\inc/core_cm3.h:928:22:NVIC_EnableIRQ	16	static
C:\Users\Andres\Documents\MCUXpressoIDE_25.6.136\workspace\CMSISv2p00_LPC17xx\inc/core_cm3.h:941:22:NVIC_DisableIRQ	16	static
C:\Users\Andres\Documents\MCUXpressoIDE_25.6.136\workspace\CMSISv2p00_LPC17xx\inc/core_cm3.h:982:22:NVIC_ClearPendingIRQ	16	static
C:\Users\Andres\Documents\MCUXpressoIDE_25.6.136\workspace\CMSISv2p00_LPC17xx\inc/core_cm3.h:1012:22:NVIC_SetPriority	16	static
C:\Users\Andres\Documents\MCUXpressoIDE_25.6.136\workspace\CMSISv2p00_LPC17xx\inc/core_cm3.h:1137:26:SysTick_Config	16	static
../src/main.c:102:6:SysTick_Handler	4	static
../src/main.c:107:13:delay_ms	24	static
../src/main.c:112:13:delay_us	24	static
../src/main.c:118:13:I2C_Write	64	static
../src/main.c:134:13:LCD_Pulse	16	static
../src/main.c:141:13:LCD_Send	16	static
../src/main.c:146:13:LCD_Cmd	16	static
../src/main.c:147:13:LCD_Char	16	static
../src/main.c:149:13:LCD_Init	8	static
../src/main.c:162:13:LCD_Linea	24	static
../src/main.c:170:13:uint_to_str	32	static
../src/main.c:181:13:I2C0_Init	16	static
../src/main.c:192:13:configUART2	32	static
../src/main.c:214:13:enviar_char	16	static
../src/main.c:219:13:enviar_str	16	static
../src/main.c:224:6:UART2_IRQHandler	16	static
../src/main.c:267:13:Audio_GenerateTone	48	static
../src/main.c:281:13:Audio_PlayBuffer_Polling	24	static
../src/main.c:290:13:Audio_PlayTone	24	static
../src/main.c:301:13:Audio_PlaySilence	16	static
../src/main.c:309:13:Audio_Countdown	8	static
../src/main.c:329:13:Audio_BeepReaccion	8	static
../src/main.c:334:13:Audio_Victoria	8	static
../src/main.c:343:13:TIM3_Capture_Init	24	static
../src/main.c:366:13:iniciar_medicion	8	static
../src/main.c:381:6:TIMER3_IRQHandler	24	static
../src/main.c:413:13:identificar_tecla	24	static
../src/main.c:438:5:main	160	static
